// Jest Snapshot v1, https://goo.gl/fbAQLP

exports[`Task snapshot test. Simply test if the component is rendering 1`] = `
<div
  className="sc-AykKD WZuFE"
>
  <span
    className="sc-AykKC kDDRHK"
    data-testid="title-task-test"
    onClick={[Function]}
  >
    Hey I'm a test task!
  </span>
  <button
    data-test="remove-button-task-test"
    onClick={[Function]}
  >
    X
  </button>
</div>
`;
